---
source: tui/src/bottom_pane/chat_composer.rs
assertion_line: 4021
expression: terminal.backend()
---
"                                                                                                    "
"› h                                                                                                 "
"                                                                                                    "
"                                                                                                    "
"                                                                                                    "
"                                                                                                    "
"                                                                                                    "
"                                                                                                    "
"  Status line content                                                            100% context left  "
