---
source: tui/src/bottom_pane/chat_composer.rs
assertion_line: 3986
expression: terminal.backend()
---
"                                                                                                    "
"› h                                                                                                 "
"                                                                                                    "
"                                                                                                    "
"                                                                                                    "
"                                                                                                    "
"                                                                                                    "
"                                                                                                    "
"  Status line content                                                                               "
